Archive member included because of file (symbol)

c:/freescale/kds_1.1.1/toolchain/bin/../lib/gcc/arm-none-eabi/4.8.0/../../../../arm-none-eabi/lib/m4/fp/v4-sp-d16\libg_s.a(lib_a-atexit.o)
                              c:/freescale/kds_1.1.1/toolchain/bin/../lib/gcc/arm-none-eabi/4.8.0/../../../../arm-none-eabi/lib/m4/fp/v4-sp-d16/crt0.o (atexit)
c:/freescale/kds_1.1.1/toolchain/bin/../lib/gcc/arm-none-eabi/4.8.0/../../../../arm-none-eabi/lib/m4/fp/v4-sp-d16\libg_s.a(lib_a-exit.o)
                              c:/freescale/kds_1.1.1/toolchain/bin/../lib/gcc/arm-none-eabi/4.8.0/../../../../arm-none-eabi/lib/m4/fp/v4-sp-d16/crt0.o (exit)
c:/freescale/kds_1.1.1/toolchain/bin/../lib/gcc/arm-none-eabi/4.8.0/../../../../arm-none-eabi/lib/m4/fp/v4-sp-d16\libg_s.a(lib_a-fini.o)
                              c:/freescale/kds_1.1.1/toolchain/bin/../lib/gcc/arm-none-eabi/4.8.0/../../../../arm-none-eabi/lib/m4/fp/v4-sp-d16\libg_s.a(lib_a-exit.o) (__libc_fini_array)
c:/freescale/kds_1.1.1/toolchain/bin/../lib/gcc/arm-none-eabi/4.8.0/../../../../arm-none-eabi/lib/m4/fp/v4-sp-d16\libg_s.a(lib_a-impure.o)
                              c:/freescale/kds_1.1.1/toolchain/bin/../lib/gcc/arm-none-eabi/4.8.0/../../../../arm-none-eabi/lib/m4/fp/v4-sp-d16\libg_s.a(lib_a-exit.o) (_global_impure_ptr)
c:/freescale/kds_1.1.1/toolchain/bin/../lib/gcc/arm-none-eabi/4.8.0/../../../../arm-none-eabi/lib/m4/fp/v4-sp-d16\libg_s.a(lib_a-memset.o)
                              c:/freescale/kds_1.1.1/toolchain/bin/../lib/gcc/arm-none-eabi/4.8.0/../../../../arm-none-eabi/lib/m4/fp/v4-sp-d16/crt0.o (memset)
c:/freescale/kds_1.1.1/toolchain/bin/../lib/gcc/arm-none-eabi/4.8.0/../../../../arm-none-eabi/lib/m4/fp/v4-sp-d16\libg_s.a(lib_a-syscalls.o)
                              c:/freescale/kds_1.1.1/toolchain/bin/../lib/gcc/arm-none-eabi/4.8.0/../../../../arm-none-eabi/lib/m4/fp/v4-sp-d16\libg_s.a(lib_a-exit.o) (_exit)
c:/freescale/kds_1.1.1/toolchain/bin/../lib/gcc/arm-none-eabi/4.8.0/../../../../arm-none-eabi/lib/m4/fp/v4-sp-d16\libg_s.a(lib_a-__atexit.o)
                              c:/freescale/kds_1.1.1/toolchain/bin/../lib/gcc/arm-none-eabi/4.8.0/../../../../arm-none-eabi/lib/m4/fp/v4-sp-d16\libg_s.a(lib_a-atexit.o) (__do_register_exitproc)
c:/freescale/kds_1.1.1/toolchain/bin/../lib/gcc/arm-none-eabi/4.8.0/../../../../arm-none-eabi/lib/m4/fp/v4-sp-d16\libg_s.a(lib_a-__call_atexit.o)
                              c:/freescale/kds_1.1.1/toolchain/bin/../lib/gcc/arm-none-eabi/4.8.0/../../../../arm-none-eabi/lib/m4/fp/v4-sp-d16\libg_s.a(lib_a-__atexit.o) (__call_exitprocs)
c:/freescale/kds_1.1.1/toolchain/bin/../lib/gcc/arm-none-eabi/4.8.0/../../../../arm-none-eabi/lib/m4/fp/v4-sp-d16\libg_s.a(lib_a-errno.o)
                              c:/freescale/kds_1.1.1/toolchain/bin/../lib/gcc/arm-none-eabi/4.8.0/../../../../arm-none-eabi/lib/m4/fp/v4-sp-d16\libg_s.a(lib_a-syscalls.o) (__errno)
c:/freescale/kds_1.1.1/toolchain/bin/../lib/gcc/arm-none-eabi/4.8.0/../../../../arm-none-eabi/lib/m4/fp/v4-sp-d16\libg_s.a(lib_a-malloc.o)
                              c:/freescale/kds_1.1.1/toolchain/bin/../lib/gcc/arm-none-eabi/4.8.0/../../../../arm-none-eabi/lib/m4/fp/v4-sp-d16\libg_s.a(lib_a-__atexit.o) (malloc)
c:/freescale/kds_1.1.1/toolchain/bin/../lib/gcc/arm-none-eabi/4.8.0/../../../../arm-none-eabi/lib/m4/fp/v4-sp-d16\libg_s.a(lib_a-mallocr.o)
                              c:/freescale/kds_1.1.1/toolchain/bin/../lib/gcc/arm-none-eabi/4.8.0/../../../../arm-none-eabi/lib/m4/fp/v4-sp-d16\libg_s.a(lib_a-malloc.o) (_malloc_r)
c:/freescale/kds_1.1.1/toolchain/bin/../lib/gcc/arm-none-eabi/4.8.0/../../../../arm-none-eabi/lib/m4/fp/v4-sp-d16\libg_s.a(lib_a-sbrkr.o)
                              c:/freescale/kds_1.1.1/toolchain/bin/../lib/gcc/arm-none-eabi/4.8.0/../../../../arm-none-eabi/lib/m4/fp/v4-sp-d16\libg_s.a(lib_a-mallocr.o) (_sbrk_r)
c:/freescale/kds_1.1.1/toolchain/bin/../lib/gcc/arm-none-eabi/4.8.0/../../../../arm-none-eabi/lib/m4/fp/v4-sp-d16\libg_s.a(lib_a-strlen.o)
                              c:/freescale/kds_1.1.1/toolchain/bin/../lib/gcc/arm-none-eabi/4.8.0/../../../../arm-none-eabi/lib/m4/fp/v4-sp-d16\libg_s.a(lib_a-syscalls.o) (strlen)
c:/freescale/kds_1.1.1/toolchain/bin/../lib/gcc/arm-none-eabi/4.8.0/../../../../arm-none-eabi/lib/m4/fp/v4-sp-d16\libg_s.a(lib_a-freer.o)
                              c:/freescale/kds_1.1.1/toolchain/bin/../lib/gcc/arm-none-eabi/4.8.0/../../../../arm-none-eabi/lib/m4/fp/v4-sp-d16\libg_s.a(lib_a-malloc.o) (_free_r)
c:/freescale/kds_1.1.1/toolchain/bin/../lib/gcc/arm-none-eabi/4.8.0/../../../../arm-none-eabi/lib/m4/fp/v4-sp-d16\libg_s.a(lib_a-reent.o)
                              c:/freescale/kds_1.1.1/toolchain/bin/../lib/gcc/arm-none-eabi/4.8.0/../../../../arm-none-eabi/lib/m4/fp/v4-sp-d16\libg_s.a(lib_a-sbrkr.o) (errno)

Allocating common symbols
Common symbol       size              file

ASerialLdd1_DeviceDataPtr
                    0x4               ./Generated_Code/ASerial.o
[...]
Memory Configuration

Name             Origin             Length             Attributes
m_interrupts     0x00000000         0x00000198         xr
m_text           0x00000410         0x000ffbf0         xr
m_data_1FFF0000  0x1fff0000         0x00010000         rw
m_data           0x20000000         0x00030000         rw
m_cfmprotrom     0x00000400         0x00000010         xr
*default*        0x00000000         0xffffffff

Linker script and memory map

LOAD c:/freescale/kds_1.1.1/toolchain/bin/../lib/gcc/arm-none-eabi/4.8.0/m4/fp/v4-sp-d16/crti.o
LOAD c:/freescale/kds_1.1.1/toolchain/bin/../lib/gcc/arm-none-eabi/4.8.0/m4/fp/v4-sp-d16/crtbegin.o
LOAD c:/freescale/kds_1.1.1/toolchain/bin/../lib/gcc/arm-none-eabi/4.8.0/../../../../arm-none-eabi/lib/m4/fp/v4-sp-d16/crt0.o
LOAD ./Static_Code/System/CPU_Init.o
LOAD ./Static_Code/System/Peripherals_Init.o
LOAD ./Static_Code/System/Vectors.o
LOAD ./Sources/Events.o
LOAD ./Sources/main.o
LOAD ./Project_Settings/Startup_Code/startup.o
LOAD ./Generated_Code/ASerial.o
LOAD ./Generated_Code/ASerialLdd1.o
LOAD ./Generated_Code/CI2C0.o
LOAD ./Generated_Code/Cpu.o
LOAD ./Generated_Code/IntI2cLdd1.o
LOAD ./Generated_Code/PE_LDD.o
LOAD ./Generated_Code/Pins1.o
LOAD c:/freescale/kds_1.1.1/toolchain/bin/../lib/gcc/arm-none-eabi/4.8.0/../../../../arm-none-eabi/lib/m4/fp/v4-sp-d16\libstdc++.a
LOAD c:/freescale/kds_1.1.1/toolchain/bin/../lib/gcc/arm-none-eabi/4.8.0/../../../../arm-none-eabi/lib/m4/fp/v4-sp-d16\libm.a
START GROUP
LOAD c:/freescale/kds_1.1.1/toolchain/bin/../lib/gcc/arm-none-eabi/4.8.0/m4/fp/v4-sp-d16\libgcc.a
LOAD c:/freescale/kds_1.1.1/toolchain/bin/../lib/gcc/arm-none-eabi/4.8.0/../../../../arm-none-eabi/lib/m4/fp/v4-sp-d16\libg_s.a
LOAD c:/freescale/kds_1.1.1/toolchain/bin/../lib/gcc/arm-none-eabi/4.8.0/../../../../arm-none-eabi/lib/m4/fp/v4-sp-d16\libc_s.a
END GROUP
LOAD c:/freescale/kds_1.1.1/toolchain/bin/../lib/gcc/arm-none-eabi/4.8.0/m4/fp/v4-sp-d16/crtend.o
LOAD c:/freescale/kds_1.1.1/toolchain/bin/../lib/gcc/arm-none-eabi/4.8.0/m4/fp/v4-sp-d16/crtn.o
                0x20030000                _estack = 0x20030000
                0x20030000                __SP_INIT = _estack
                0x00000000                __heap_size = 0x0
                0x00000400                __stack_size = 0x400

.interrupts     0x00000000      0x198
                0x00000000                __vector_table = .
                0x00000000                . = ALIGN (0x4)
 *(.vectortable)
 .vectortable   0x00000000      0x198 ./Static_Code/System/Vectors.o
                0x00000000                __vect_table
                0x00000198                . = ALIGN (0x4)

.cfmprotect     0x00000400       0x10
                0x00000400                . = ALIGN (0x4)
 *(.cfmconfig)
 .cfmconfig     0x00000400       0x10 ./Static_Code/System/CPU_Init.o
                0x00000400                _cfm
                0x00000410                . = ALIGN (0x4)

.text           0x00000410     0x22bc
                0x00000410                . = ALIGN (0x4)
 *(.text)
 *(.text*)
 .text.deregister_tm_clones
                0x00000410       0x20 c:/freescale/kds_1.1.1/toolchain/bin/../lib/gcc/arm-none-eabi/4.8.0/m4/fp/v4-sp-d16/crtbegin.o
 .text.register_tm_clones
                0x00000430       0x28 c:/freescale/kds_1.1.1/toolchain/bin/../lib/gcc/arm-none-eabi/4.8.0/m4/fp/v4-sp-d16/crtbegin.o
 .text.__do_global_dtors_aux
                0x00000458       0x2c c:/freescale/kds_1.1.1/toolchain/bin/../lib/gcc/arm-none-eabi/4.8.0/m4/fp/v4-sp-d16/crtbegin.o
 .text.frame_dummy
                0x00000484       0x38 c:/freescale/kds_1.1.1/toolchain/bin/../lib/gcc/arm-none-eabi/4.8.0/m4/fp/v4-sp-d16/crtbegin.o
 .text.CPU_SetBASEPRI
                0x000004bc       0x18 ./Static_Code/System/CPU_Init.o
                0x000004bc                CPU_SetBASEPRI
 .text.__init_hardware
                0x000004d4       0xb8 ./Static_Code/System/CPU_Init.o
                0x000004d4                __init_hardware
 .text.PE_low_level_init
                0x0000058c       0x64 ./Static_Code/System/CPU_Init.o
                0x0000058c                PE_low_level_init
 .text.CPU_GetClockGenMode
                0x000005f0       0xb0 ./Static_Code/System/CPU_Init.o
                0x000005f0                CPU_GetClockGenMode
 .text.CPU_SetClockConfigGenMode
                0x000006a0      0x7b4 ./Static_Code/System/CPU_Init.o
                0x000006a0                CPU_SetClockConfigGenMode
 .text.UnhandledInterrupt
                0x00000e54       0x18 ./Static_Code/System/Vectors.o
                0x00000e54                UnhandledInterrupt
 .text.Cpu_OnNMI
                0x00000e6c        0xc ./Sources/Events.o
                0x00000e6c                Cpu_OnNMI
 .text.CI2C0_OnReceiveData
                0x00000e78        0xc ./Sources/Events.o
                0x00000e78                CI2C0_OnReceiveData
 .text.CI2C0_OnTransmitData
                0x00000e84        0xc ./Sources/Events.o
                0x00000e84                CI2C0_OnTransmitData
 .text.ASerial_OnError
                0x00000e90        0xc ./Sources/Events.o
                0x00000e90                ASerial_OnError
 .text.ASerial_OnRxChar
                0x00000e9c        0xc ./Sources/Events.o
                0x00000e9c                ASerial_OnRxChar
 .text.ASerial_OnTxChar
                0x00000ea8        0xc ./Sources/Events.o
                0x00000ea8                ASerial_OnTxChar
 .text.ASerial_OnFreeTxBuf
                0x00000eb4        0xc ./Sources/Events.o
                0x00000eb4                ASerial_OnFreeTxBuf
 .text.main     0x00000ec0       0x18 ./Sources/main.o
                0x00000ec0                main
 .text.__flush_cache
                0x00000ed8       0x14 ./Project_Settings/Startup_Code/startup.o
                0x00000ed8                __flush_cache
 .text.__copy_rom_section
                0x00000eec       0xe4 ./Project_Settings/Startup_Code/startup.o
                0x00000eec                __copy_rom_section
 .text.__copy_rom_sections_to_ram
                0x00000fd0       0xf8 ./Project_Settings/Startup_Code/startup.o
                0x00000fd0                __copy_rom_sections_to_ram
 .text.zero_fill_bss
                0x000010c8       0xbc ./Project_Settings/Startup_Code/startup.o
 .text.__init_registers
                0x00001184        0xc ./Project_Settings/Startup_Code/startup.o
                0x00001184                __init_registers
 .text.__init_user
                0x00001190        0xc ./Project_Settings/Startup_Code/startup.o
                0x00001190                __init_user
 .text.__thumb_startup
                0x0000119c       0x50 ./Project_Settings/Startup_Code/startup.o
                0x0000119c                __thumb_startup
 .text.HWEnDi   0x000011ec       0x20 ./Generated_Code/ASerial.o
 .text.ASerial_Init
                0x0000120c       0x4c ./Generated_Code/ASerial.o
                0x0000120c                ASerial_Init
 .text.ASerialLdd1_OnBlockReceived
                0x00001258       0x8c ./Generated_Code/ASerial.o
                0x00001258                ASerialLdd1_OnBlockReceived
 .text.ASerialLdd1_OnBlockSent
                0x000012e4      0x118 ./Generated_Code/ASerial.o
                0x000012e4                ASerialLdd1_OnBlockSent
 .text.ASerialLdd1_OnError
                0x000013fc       0xc8 ./Generated_Code/ASerial.o
                0x000013fc                ASerialLdd1_OnError
 .text.ASerialLdd1_OnBreak
                0x000014c4       0x2c ./Generated_Code/ASerial.o
                0x000014c4                ASerialLdd1_OnBreak
 .text.ASerialLdd1_Init
                0x000014f0      0x2c0 ./Generated_Code/ASerialLdd1.o
                0x000014f0                ASerialLdd1_Init
 .text.ASerialLdd1_ReceiveBlock
                0x000017b0       0xb0 ./Generated_Code/ASerialLdd1.o
                0x000017b0                ASerialLdd1_ReceiveBlock
 .text.ASerialLdd1_SendBlock
                0x00001860       0xf0 ./Generated_Code/ASerialLdd1.o
                0x00001860                ASerialLdd1_SendBlock
 .text.InterruptRx
                0x00001950       0x5c ./Generated_Code/ASerialLdd1.o
 .text.InterruptTx
                0x000019ac       0x9c ./Generated_Code/ASerialLdd1.o
 .text.ASerialLdd1_Interrupt
                0x00001a48      0x100 ./Generated_Code/ASerialLdd1.o
                0x00001a48                ASerialLdd1_Interrupt
 .text.ASerialLdd1_GetError
                0x00001b48       0x90 ./Generated_Code/ASerialLdd1.o
                0x00001b48                ASerialLdd1_GetError
 .text.CI2C0_SendChar
                0x00001bd8       0x38 ./Generated_Code/CI2C0.o
                0x00001bd8                CI2C0_SendChar
 .text.CI2C0_SendBlock
                0x00001c10       0xf8 ./Generated_Code/CI2C0.o
                0x00001c10                CI2C0_SendBlock
 .text.CI2C0_Init
                0x00001d08       0x24 ./Generated_Code/CI2C0.o
                0x00001d08                CI2C0_Init
 .text.IntI2cLdd1_OnMasterBlockSent
                0x00001d2c       0x14 ./Generated_Code/CI2C0.o
                0x00001d2c                IntI2cLdd1_OnMasterBlockSent
 .text.IntI2cLdd1_OnMasterBlockReceived
                0x00001d40       0x14 ./Generated_Code/CI2C0.o
                0x00001d40                IntI2cLdd1_OnMasterBlockReceived
 .text.Common_Init
                0x00001d54      0x134 ./Generated_Code/Cpu.o
                0x00001d54                Common_Init
 .text.Components_Init
                0x00001e88       0x10 ./Generated_Code/Cpu.o
                0x00001e88                Components_Init
 .text.Cpu_INT_NMIInterrupt
                0x00001e98       0x1c ./Generated_Code/Cpu.o
                0x00001e98                Cpu_INT_NMIInterrupt
 .text.IntI2cLdd1_Interrupt
                0x00001eb4      0x36c ./Generated_Code/IntI2cLdd1.o
                0x00001eb4                IntI2cLdd1_Interrupt
 .text.IntI2cLdd1_Init
                0x00002220      0x1a8 ./Generated_Code/IntI2cLdd1.o
                0x00002220                IntI2cLdd1_Init
 .text.IntI2cLdd1_MasterSendBlock
                0x000023c8      0x1f0 ./Generated_Code/IntI2cLdd1.o
                0x000023c8                IntI2cLdd1_MasterSendBlock
 *(.rodata)
 *(.rodata*)
 .rodata.ClockGenModeMatrix
                0x000025b8       0x80 ./Static_Code/System/CPU_Init.o
 .rodata.CPU_ClockConfigDescriptors
                0x00002638       0x1c ./Static_Code/System/CPU_Init.o
 .rodata.CPU_DefaultFEI
                0x00002654        0x8 ./Static_Code/System/CPU_Init.o
 .rodata.CPU_DefaultFBI
                0x0000265c        0x8 ./Static_Code/System/CPU_Init.o
 .rodata.CPU_DefaultBLPI
                0x00002664        0x8 ./Static_Code/System/CPU_Init.o
 .rodata.CPU_DefaultFEE
                0x0000266c        0x8 ./Static_Code/System/CPU_Init.o
 .rodata.CPU_DefaultFBE
                0x00002674        0x8 ./Static_Code/System/CPU_Init.o
 .rodata.CPU_DefaultBLPE
                0x0000267c        0x8 ./Static_Code/System/CPU_Init.o
 .rodata.CPU_DefaultPBE
                0x00002684        0x8 ./Static_Code/System/CPU_Init.o
 .rodata.CPU_DefaultPEE
                0x0000268c        0x8 ./Static_Code/System/CPU_Init.o
 .rodata.CPU_ClockGenModeRegs
                0x00002694       0x20 ./Static_Code/System/CPU_Init.o
 *(.glue_7)
 .glue_7        0x00000000        0x0 linker stubs
 *(.glue_7t)
 .glue_7t       0x00000000        0x0 linker stubs
 *(.eh_frame)
 .eh_frame      0x000026b4        0x0 c:/freescale/kds_1.1.1/toolchain/bin/../lib/gcc/arm-none-eabi/4.8.0/m4/fp/v4-sp-d16/crtbegin.o
 *(.init)
 .init          0x000026b4        0x4 c:/freescale/kds_1.1.1/toolchain/bin/../lib/gcc/arm-none-eabi/4.8.0/m4/fp/v4-sp-d16/crti.o
                0x000026b4                _init
 .init          0x000026b8        0x8 c:/freescale/kds_1.1.1/toolchain/bin/../lib/gcc/arm-none-eabi/4.8.0/m4/fp/v4-sp-d16/crtn.o
 *(.fini)
 .fini          0x000026c0        0x4 c:/freescale/kds_1.1.1/toolchain/bin/../lib/gcc/arm-none-eabi/4.8.0/m4/fp/v4-sp-d16/crti.o
                0x000026c0                _fini
 .fini          0x000026c4        0x8 c:/freescale/kds_1.1.1/toolchain/bin/../lib/gcc/arm-none-eabi/4.8.0/m4/fp/v4-sp-d16/crtn.o
                0x000026cc                . = ALIGN (0x4)
                0x000026cc                _etext = .

.vfp11_veneer   0x000026cc        0x0
 .vfp11_veneer  0x00000000        0x0 linker stubs

.v4_bx          0x000026cc        0x0
 .v4_bx         0x00000000        0x0 linker stubs

.iplt           0x000026cc        0x0
 .iplt          0x00000000        0x0 c:/freescale/kds_1.1.1/toolchain/bin/../lib/gcc/arm-none-eabi/4.8.0/m4/fp/v4-sp-d16/crtbegin.o

.rel.dyn        0x000026cc        0x0
 .rel.iplt      0x00000000        0x0 c:/freescale/kds_1.1.1/toolchain/bin/../lib/gcc/arm-none-eabi/4.8.0/m4/fp/v4-sp-d16/crtbegin.o

.ARM.extab
 *(.ARM.extab* .gnu.linkonce.armextab.*)

.ARM            0x000026cc        0x0
                0x000026cc                __exidx_start = .
 *(.ARM.exidx*)
                0x000026cc                __exidx_end = .

.ctors          0x000026cc        0x0
                0x000026cc                __CTOR_LIST__ = .
 *crtbegin.o(.ctors)
 *(EXCLUDE_FILE(*crtend.o) .ctors)
 *(SORT(.ctors.*))
 *(.ctors)
                0x000026cc                __CTOR_END__ = .

.dtors          0x000026cc        0x0
                0x000026cc                __DTOR_LIST__ = .
 *crtbegin.o(.dtors)
 *(EXCLUDE_FILE(*crtend.o) .dtors)
 *(SORT(.dtors.*))
 *(.dtors)
                0x000026cc                __DTOR_END__ = .

.preinit_array  0x000026cc        0x0
                0x000026cc                PROVIDE (__preinit_array_start, .)
 *(.preinit_array*)
                0x000026cc                PROVIDE (__preinit_array_end, .)

.init_array     0x000026cc        0x4
                0x000026cc                PROVIDE (__init_array_start, .)
 *(SORT(.init_array.*))
 *(.init_array*)
 .init_array    0x000026cc        0x4 c:/freescale/kds_1.1.1/toolchain/bin/../lib/gcc/arm-none-eabi/4.8.0/m4/fp/v4-sp-d16/crtbegin.o
                0x000026d0                PROVIDE (__init_array_end, .)

.fini_array     0x000026d0        0x4
                0x000026d0                PROVIDE (__fini_array_start, .)
 *(SORT(.fini_array.*))
 *(.fini_array*)
 .fini_array    0x000026d0        0x4 c:/freescale/kds_1.1.1/toolchain/bin/../lib/gcc/arm-none-eabi/4.8.0/m4/fp/v4-sp-d16/crtbegin.o
                0x000026d4                PROVIDE (__fini_array_end, .)
                0x000026d4                ___ROM_AT = .

.data           0x20000000        0x0 load address 0x000026d4
                0x20000000                . = ALIGN (0x4)
                0x20000000                _sdata = .
 *(.data)
 *(.data*)
                0x20000000                . = ALIGN (0x4)
                0x20000000                _edata = .
                0x00000000                ___data_size = (_edata - _sdata)
                0x000026d4                ___m_data_1FFF0000_ROMStart = (___ROM_AT + SIZEOF (.data))

.jcr            0x20000000        0x0
 .jcr           0x20000000        0x0 c:/freescale/kds_1.1.1/toolchain/bin/../lib/gcc/arm-none-eabi/4.8.0/m4/fp/v4-sp-d16/crtbegin.o

.tm_clone_table
                0x20000000        0x0
 .tm_clone_table
                0x20000000        0x0 c:/freescale/kds_1.1.1/toolchain/bin/../lib/gcc/arm-none-eabi/4.8.0/m4/fp/v4-sp-d16/crtbegin.o
 .tm_clone_table
                0x20000000        0x0 c:/freescale/kds_1.1.1/toolchain/bin/../lib/gcc/arm-none-eabi/4.8.0/m4/fp/v4-sp-d16/crtend.o

.igot.plt       0x20000000        0x0
 .igot.plt      0x00000000        0x0 c:/freescale/kds_1.1.1/toolchain/bin/../lib/gcc/arm-none-eabi/4.8.0/m4/fp/v4-sp-d16/crtbegin.o

.m_data_1FFF0000
                0x1fff0000        0x0 load address 0x000026d4
                0x1fff0000                . = ALIGN (0x4)
                0x1fff0000                ___m_data_1FFF0000_RAMStart = .
 *(.m_data_1FFF0000)
                0x1fff0000                ___m_data_1FFF0000_RAMEnd = .
                0x1fff0000                . = ALIGN (0x4)
                0x00000000                ___m_data_1FFF0000_ROMSize = (___m_data_1FFF0000_RAMEnd - ___m_data_1FFF0000_RAMStart)
                0x1fff0000                . = ALIGN (0x4)

.bss            0x20000000       0xcc
                0x20000000                __START_BSS = .
                0x20000000                PROVIDE (__bss_start__, __START_BSS)
 *(.bss)
 *(.bss*)
 .bss.completed.6137
                0x20000000        0x1 c:/freescale/kds_1.1.1/toolchain/bin/../lib/gcc/arm-none-eabi/4.8.0/m4/fp/v4-sp-d16/crtbegin.o
 *fill*         0x20000001        0x3 
 .bss.object.6142
                0x20000004       0x18 c:/freescale/kds_1.1.1/toolchain/bin/../lib/gcc/arm-none-eabi/4.8.0/m4/fp/v4-sp-d16/crtbegin.o
 .bss.SR_lock   0x2000001c        0x1 ./Static_Code/System/CPU_Init.o
                0x2000001c                SR_lock
 *fill*         0x2000001d        0x3 
 .bss.argv      0x20000020       0x28 ./Project_Settings/Startup_Code/startup.o
 .bss.SerFlag   0x20000048        0x2 ./Generated_Code/ASerial.o
 .bss.BufferRead
                0x2000004a        0x1 ./Generated_Code/ASerial.o
 *fill*         0x2000004b        0x1 
 .bss.ASerial_OutLen
                0x2000004c        0x2 ./Generated_Code/ASerial.o
 .bss.OutIndexR
                0x2000004e        0x2 ./Generated_Code/ASerial.o
 .bss.OutIndexW
                0x20000050        0x2 ./Generated_Code/ASerial.o
 *fill*         0x20000052        0x2 
 .bss.OutBuffer
                0x20000054       0x14 ./Generated_Code/ASerial.o
 .bss.OnFreeTxBufSemaphore
                0x20000068        0x1 ./Generated_Code/ASerial.o
 *fill*         0x20000069        0x3 
 .bss.DeviceDataPrv__DEFAULT_RTOS_ALLOC
                0x2000006c       0x20 ./Generated_Code/ASerialLdd1.o
 .bss.INT_UART0_RX_TX__DEFAULT_RTOS_ISRPARAM
                0x2000008c        0x4 ./Generated_Code/ASerialLdd1.o
 .bss.INT_UART0_ERR__DEFAULT_RTOS_ISRPARAM
                0x20000090        0x4 ./Generated_Code/ASerialLdd1.o
 .bss.OutLenM   0x20000094        0x2 ./Generated_Code/CI2C0.o
 .bss.ChrTemp   0x20000096        0x1 ./Generated_Code/CI2C0.o
 *fill*         0x20000097        0x1 
 .bss.DeviceDataPrv__DEFAULT_RTOS_ALLOC
                0x20000098       0x18 ./Generated_Code/IntI2cLdd1.o
 .bss.INT_I2C0__DEFAULT_RTOS_ISRPARAM
                0x200000b0        0x4 ./Generated_Code/IntI2cLdd1.o
 .bss.PE_LDD_DeviceDataList
                0x200000b4        0x8 ./Generated_Code/PE_LDD.o
                0x200000b4                PE_LDD_DeviceDataList
 *(COMMON)
 COMMON         0x200000bc        0x1 ./Static_Code/System/CPU_Init.o
                0x200000bc                SR_reg
 *fill*         0x200000bd        0x3 
 COMMON         0x200000c0        0x4 ./Generated_Code/ASerial.o
                0x200000c0                ASerialLdd1_DeviceDataPtr
 COMMON         0x200000c4        0x8 ./Generated_Code/CI2C0.o
                0x200000c4                CI2C0_SndRcvTemp
                0x200000c8                IntI2cLdd1_DeviceDataPtr
                0x200000cc                . = ALIGN (0x4)
                0x200000cc                __END_BSS = .
                0x200000cc                PROVIDE (__bss_end__, __END_BSS)
                0x000026d4                _romp_at = ((___ROM_AT + SIZEOF (.data)) + SIZEOF (.m_data_1FFF0000))

.romp           0x200000cc       0x24 load address 0x000026d4
                0x000026d4                __S_romp = _romp_at
                0x200000cc        0x4 LONG 0x26d4 ___ROM_AT
                0x200000d0        0x4 LONG 0x20000000 _sdata
                0x200000d4        0x4 LONG 0x0 ___data_size
                0x200000d8        0x4 LONG 0x26d4 ___m_data_1FFF0000_ROMStart
                0x200000dc        0x4 LONG 0x1fff0000 ___m_data_1FFF0000_RAMStart
                0x200000e0        0x4 LONG 0x0 ___m_data_1FFF0000_ROMSize
                0x200000e4        0x4 LONG 0x0
                0x200000e8        0x4 LONG 0x0
                0x200000ec        0x4 LONG 0x0

._user_heap_stack
                0x200000f0      0x400 load address 0x000026f8
                0x200000f0                . = ALIGN (0x4)
                0x200000f0                PROVIDE (end, .)
                0x200000f0                PROVIDE (_end, .)
                0x200000f0                __heap_addr = .
                0x200000f0                __HeapBase = .
                0x200000f0                . = (. + __heap_size)
                0x200000f0                __HeapLimit = .
                0x200004f0                . = (. + __stack_size)
 *fill*         0x200000f0      0x400 
                0x200004f0                . = ALIGN (0x4)

.ARM.attributes
                0x00000000       0x37
 *(.ARM.attributes)
 .ARM.attributes
                0x00000000       0x27 c:/freescale/kds_1.1.1/toolchain/bin/../lib/gcc/arm-none-eabi/4.8.0/m4/fp/v4-sp-d16/crti.o
 .ARM.attributes
                0x00000027       0x39 c:/freescale/kds_1.1.1/toolchain/bin/../lib/gcc/arm-none-eabi/4.8.0/m4/fp/v4-sp-d16/crtbegin.o
 .ARM.attributes
                0x00000060       0x39 ./Static_Code/System/CPU_Init.o
 .ARM.attributes
                0x00000099       0x39 ./Static_Code/System/Vectors.o
 .ARM.attributes
                0x000000d2       0x39 ./Sources/Events.o
 .ARM.attributes
                0x0000010b       0x39 ./Sources/main.o
 .ARM.attributes
                0x00000144       0x39 ./Project_Settings/Startup_Code/startup.o
 .ARM.attributes
                0x0000017d       0x39 ./Generated_Code/ASerial.o
 .ARM.attributes
                0x000001b6       0x39 ./Generated_Code/ASerialLdd1.o
 .ARM.attributes
                0x000001ef       0x39 ./Generated_Code/CI2C0.o
 .ARM.attributes
                0x00000228       0x39 ./Generated_Code/Cpu.o
 .ARM.attributes
                0x00000261       0x39 ./Generated_Code/IntI2cLdd1.o
 .ARM.attributes
                0x0000029a       0x39 ./Generated_Code/PE_LDD.o
 .ARM.attributes
                0x000002d3       0x39 c:/freescale/kds_1.1.1/toolchain/bin/../lib/gcc/arm-none-eabi/4.8.0/m4/fp/v4-sp-d16/crtend.o
 .ARM.attributes
                0x0000030c       0x27 c:/freescale/kds_1.1.1/toolchain/bin/../lib/gcc/arm-none-eabi/4.8.0/m4/fp/v4-sp-d16/crtn.o
OUTPUT(MagnAcc_FRDM-K64.elf elf32-littlearm)

.comment        0x00000000       0x2a
 .comment       0x00000000       0x2a c:/freescale/kds_1.1.1/toolchain/bin/../lib/gcc/arm-none-eabi/4.8.0/m4/fp/v4-sp-d16/crtbegin.o
                                 0x2b (size before relaxing)
 .comment       0x00000000       0x2b ./Static_Code/System/CPU_Init.o
 .comment       0x00000000       0x2b ./Static_Code/System/Vectors.o
 .comment       0x00000000       0x2b ./Sources/Events.o
 .comment       0x00000000       0x2b ./Sources/main.o
 .comment       0x00000000       0x2b ./Project_Settings/Startup_Code/startup.o
 .comment       0x00000000       0x2b ./Generated_Code/ASerial.o
 .comment       0x00000000       0x2b ./Generated_Code/ASerialLdd1.o
 .comment       0x00000000       0x2b ./Generated_Code/CI2C0.o
 .comment       0x00000000       0x2b ./Generated_Code/Cpu.o
 .comment       0x00000000       0x2b ./Generated_Code/IntI2cLdd1.o
 .comment       0x00000000       0x2b ./Generated_Code/PE_LDD.o
 .comment       0x00000000       0x2b c:/freescale/kds_1.1.1/toolchain/bin/../lib/gcc/arm-none-eabi/4.8.0/m4/fp/v4-sp-d16/crtend.o

.debug_info     0x00000000     0x369a
 .debug_info    0x00000000      0xa5b ./Static_Code/System/CPU_Init.o
 .debug_info    0x00000a5b      0x816 ./Static_Code/System/Vectors.o
 .debug_info    0x00001271       0xfc ./Sources/Events.o
 .debug_info    0x0000136d       0xb0 ./Sources/main.o
 .debug_info    0x0000141d      0x308 ./Project_Settings/Startup_Code/startup.o
 .debug_info    0x00001725      0x416 ./Generated_Code/ASerial.o
 .debug_info    0x00001b3b      0x9bb ./Generated_Code/ASerialLdd1.o
 .debug_info    0x000024f6      0x34a ./Generated_Code/CI2C0.o
 .debug_info    0x00002840      0x358 ./Generated_Code/Cpu.o
 .debug_info    0x00002b98      0x8c7 ./Generated_Code/IntI2cLdd1.o
 .debug_info    0x0000345f      0x23b ./Generated_Code/PE_LDD.o

.debug_abbrev   0x00000000      0xd2e
 .debug_abbrev  0x00000000      0x1bd ./Static_Code/System/CPU_Init.o
 .debug_abbrev  0x000001bd       0xd6 ./Static_Code/System/Vectors.o
 .debug_abbrev  0x00000293       0x45 ./Sources/Events.o
 .debug_abbrev  0x000002d8       0x5f ./Sources/main.o
 .debug_abbrev  0x00000337      0x148 ./Project_Settings/Startup_Code/startup.o
 .debug_abbrev  0x0000047f      0x1d6 ./Generated_Code/ASerial.o
 .debug_abbrev  0x00000655      0x1db ./Generated_Code/ASerialLdd1.o
 .debug_abbrev  0x00000830      0x179 ./Generated_Code/CI2C0.o
 .debug_abbrev  0x000009a9       0xed ./Generated_Code/Cpu.o
 .debug_abbrev  0x00000a96      0x18b ./Generated_Code/IntI2cLdd1.o
 .debug_abbrev  0x00000c21      0x10d ./Generated_Code/PE_LDD.o

.debug_aranges  0x00000000      0x628
 .debug_aranges
                0x00000000       0x40 ./Static_Code/System/CPU_Init.o
 .debug_aranges
                0x00000040      0x340 ./Static_Code/System/Vectors.o
 .debug_aranges
                0x00000380       0x50 ./Sources/Events.o
 .debug_aranges
                0x000003d0       0x20 ./Sources/main.o
 .debug_aranges
                0x000003f0       0x60 ./Project_Settings/Startup_Code/startup.o
 .debug_aranges
                0x00000450       0x78 ./Generated_Code/ASerial.o
 .debug_aranges
                0x000004c8       0x50 ./Generated_Code/ASerialLdd1.o
 .debug_aranges
                0x00000518       0x60 ./Generated_Code/CI2C0.o
 .debug_aranges
                0x00000578       0x30 ./Generated_Code/Cpu.o
 .debug_aranges
                0x000005a8       0x50 ./Generated_Code/IntI2cLdd1.o
 .debug_aranges
                0x000005f8       0x30 ./Generated_Code/PE_LDD.o

.debug_ranges   0x00000000      0x578
 .debug_ranges  0x00000000       0x30 ./Static_Code/System/CPU_Init.o
 .debug_ranges  0x00000030      0x330 ./Static_Code/System/Vectors.o
 .debug_ranges  0x00000360       0x40 ./Sources/Events.o
 .debug_ranges  0x000003a0       0x10 ./Sources/main.o
 .debug_ranges  0x000003b0       0x50 ./Project_Settings/Startup_Code/startup.o
 .debug_ranges  0x00000400       0x68 ./Generated_Code/ASerial.o
 .debug_ranges  0x00000468       0x40 ./Generated_Code/ASerialLdd1.o
 .debug_ranges  0x000004a8       0x50 ./Generated_Code/CI2C0.o
 .debug_ranges  0x000004f8       0x20 ./Generated_Code/Cpu.o
 .debug_ranges  0x00000518       0x40 ./Generated_Code/IntI2cLdd1.o
 .debug_ranges  0x00000558       0x20 ./Generated_Code/PE_LDD.o

.debug_macro    0x00000000    0x1daed
 .debug_macro   0x00000000      0x15e ./Static_Code/System/CPU_Init.o
 .debug_macro   0x0000015e      0x850 ./Static_Code/System/CPU_Init.o
 .debug_macro   0x000009ae      0x214 ./Static_Code/System/CPU_Init.o
 .debug_macro   0x00000bc2     0x177c ./Static_Code/System/CPU_Init.o
 .debug_macro   0x0000233e    0x10f7a ./Static_Code/System/CPU_Init.o
 .debug_macro   0x000132b8      0x478 ./Static_Code/System/CPU_Init.o
 .debug_macro   0x00013730      0x14e ./Static_Code/System/CPU_Init.o
 .debug_macro   0x0001387e       0x6a ./Static_Code/System/CPU_Init.o
 .debug_macro   0x000138e8       0x2e ./Static_Code/System/CPU_Init.o
 .debug_macro   0x00013916       0x2e ./Static_Code/System/CPU_Init.o
 .debug_macro   0x00013944       0x95 ./Static_Code/System/CPU_Init.o
 .debug_macro   0x000139d9       0x16 ./Static_Code/System/CPU_Init.o
 .debug_macro   0x000139ef       0x65 ./Static_Code/System/CPU_Init.o
 .debug_macro   0x00013a54       0x18 ./Static_Code/System/CPU_Init.o
 .debug_macro   0x00013a6c       0x4a ./Static_Code/System/CPU_Init.o
 .debug_macro   0x00013ab6      0x296 ./Static_Code/System/CPU_Init.o
 .debug_macro   0x00013d4c      0x14c ./Static_Code/System/Vectors.o
 .debug_macro   0x00013e98      0x29c ./Sources/Events.o
 .debug_macro   0x00014134       0x5f ./Sources/Events.o
 .debug_macro   0x00014193       0x94 ./Sources/Events.o
 .debug_macro   0x00014227      0x616 ./Sources/Events.o
 .debug_macro   0x0001483d      0x626 ./Sources/Events.o
 .debug_macro   0x00014e63      0x327 ./Sources/Events.o
 .debug_macro   0x0001518a      0x1e8 ./Sources/Events.o
 .debug_macro   0x00015372      0x109 ./Sources/Events.o
 .debug_macro   0x0001547b      0x17e ./Sources/Events.o
 .debug_macro   0x000155f9      0x200 ./Sources/Events.o
 .debug_macro   0x000157f9      0x91e ./Sources/Events.o
 .debug_macro   0x00016117      0x588 ./Sources/Events.o
 .debug_macro   0x0001669f       0x9e ./Sources/Events.o
 .debug_macro   0x0001673d      0x1f7 ./Sources/Events.o
 .debug_macro   0x00016934      0x50f ./Sources/Events.o
 .debug_macro   0x00016e43      0x6a6 ./Sources/Events.o
 .debug_macro   0x000174e9      0x131 ./Sources/Events.o
 .debug_macro   0x0001761a      0x297 ./Sources/Events.o
 .debug_macro   0x000178b1      0x318 ./Sources/Events.o
 .debug_macro   0x00017bc9      0x25a ./Sources/Events.o
 .debug_macro   0x00017e23      0x13d ./Sources/Events.o
 .debug_macro   0x00017f60      0x30b ./Sources/Events.o
 .debug_macro   0x0001826b       0xba ./Sources/Events.o
 .debug_macro   0x00018325       0xe9 ./Sources/Events.o
 .debug_macro   0x0001840e      0x4e9 ./Sources/Events.o
 .debug_macro   0x000188f7      0x191 ./Sources/Events.o
 .debug_macro   0x00018a88       0xea ./Sources/Events.o
 .debug_macro   0x00018b72      0x348 ./Sources/Events.o
 .debug_macro   0x00018eba      0x7d6 ./Sources/Events.o
 .debug_macro   0x00019690      0x179 ./Sources/Events.o
 .debug_macro   0x00019809      0x645 ./Sources/Events.o
 .debug_macro   0x00019e4e      0x8d8 ./Sources/Events.o
 .debug_macro   0x0001a726      0x11c ./Sources/Events.o
 .debug_macro   0x0001a842      0x648 ./Sources/Events.o
 .debug_macro   0x0001ae8a       0x81 ./Sources/Events.o
 .debug_macro   0x0001af0b      0x7bf ./Sources/Events.o
 .debug_macro   0x0001b6ca      0x10f ./Sources/Events.o
 .debug_macro   0x0001b7d9      0x614 ./Sources/Events.o
 .debug_macro   0x0001bded      0x181 ./Sources/Events.o
 .debug_macro   0x0001bf6e      0x29c ./Sources/main.o
 .debug_macro   0x0001c20a       0xee ./Project_Settings/Startup_Code/startup.o
 .debug_macro   0x0001c2f8       0x3a ./Project_Settings/Startup_Code/startup.o
 .debug_macro   0x0001c332       0x52 ./Project_Settings/Startup_Code/startup.o
 .debug_macro   0x0001c384       0x19 ./Project_Settings/Startup_Code/startup.o
 .debug_macro   0x0001c39d      0x16d ./Project_Settings/Startup_Code/startup.o
 .debug_macro   0x0001c50a       0x89 ./Project_Settings/Startup_Code/startup.o
 .debug_macro   0x0001c593       0x10 ./Project_Settings/Startup_Code/startup.o
 .debug_macro   0x0001c5a3       0x89 ./Project_Settings/Startup_Code/startup.o
 .debug_macro   0x0001c62c       0x1c ./Project_Settings/Startup_Code/startup.o
 .debug_macro   0x0001c648      0x1bf ./Generated_Code/ASerial.o
 .debug_macro   0x0001c807       0x43 ./Generated_Code/ASerial.o
 .debug_macro   0x0001c84a       0xff ./Generated_Code/ASerialLdd1.o
 .debug_macro   0x0001c949       0x1e ./Generated_Code/ASerialLdd1.o
 .debug_macro   0x0001c967      0x7b9 ./Generated_Code/ASerialLdd1.o
 .debug_macro   0x0001d120      0x13d ./Generated_Code/CI2C0.o
 .debug_macro   0x0001d25d      0x152 ./Generated_Code/Cpu.o
 .debug_macro   0x0001d3af      0x13c ./Generated_Code/IntI2cLdd1.o
 .debug_macro   0x0001d4eb      0x4e3 ./Generated_Code/IntI2cLdd1.o
 .debug_macro   0x0001d9ce      0x11f ./Generated_Code/PE_LDD.o

.debug_line     0x00000000     0x38d3
 .debug_line    0x00000000      0x4de ./Static_Code/System/CPU_Init.o
 .debug_line    0x000004de      0xa83 ./Static_Code/System/Vectors.o
 .debug_line    0x00000f61      0x5ed ./Sources/Events.o
 .debug_line    0x0000154e      0x58e ./Sources/main.o
 .debug_line    0x00001adc      0x323 ./Project_Settings/Startup_Code/startup.o
 .debug_line    0x00001dff      0x5b1 ./Generated_Code/ASerial.o
 .debug_line    0x000023b0      0x481 ./Generated_Code/ASerialLdd1.o
 .debug_line    0x00002831      0x45a ./Generated_Code/CI2C0.o
 .debug_line    0x00002c8b      0x3f8 ./Generated_Code/Cpu.o
 .debug_line    0x00003083      0x4cd ./Generated_Code/IntI2cLdd1.o
 .debug_line    0x00003550      0x383 ./Generated_Code/PE_LDD.o

.debug_str      0x00000000    0xe2348
 .debug_str     0x00000000    0x6a8f7 ./Static_Code/System/CPU_Init.o
                              0x6aa61 (size before relaxing)
 .debug_str     0x0006a8f7      0x9c9 ./Static_Code/System/Vectors.o
                              0x6aebb (size before relaxing)
 .debug_str     0x0006b2c0    0x74af9 ./Sources/Events.o
                              0xddf89 (size before relaxing)
 .debug_str     0x000dfdb9       0x20 ./Sources/main.o
                              0xddf1c (size before relaxing)
 .debug_str     0x000dfdd9     0x1961 ./Project_Settings/Startup_Code/startup.o
                               0x4148 (size before relaxing)
 .debug_str     0x000e173a      0x315 ./Generated_Code/ASerial.o
                              0x69827 (size before relaxing)
 .debug_str     0x000e1a4f      0x34b ./Generated_Code/ASerialLdd1.o
                              0x7781f (size before relaxing)
 .debug_str     0x000e1d9a      0x19a ./Generated_Code/CI2C0.o
                              0x696d9 (size before relaxing)
 .debug_str     0x000e1f34       0x34 ./Generated_Code/Cpu.o
                              0x69625 (size before relaxing)
 .debug_str     0x000e1f68      0x27a ./Generated_Code/IntI2cLdd1.o
                              0x70326 (size before relaxing)
 .debug_str     0x000e21e2      0x166 ./Generated_Code/PE_LDD.o
                              0x69684 (size before relaxing)

.debug_frame    0x00000000     0x1464
 .debug_frame   0x00000000       0x9c ./Static_Code/System/CPU_Init.o
 .debug_frame   0x0000009c      0xcb0 ./Static_Code/System/Vectors.o
 .debug_frame   0x00000d4c       0xb8 ./Sources/Events.o
 .debug_frame   0x00000e04       0x2c ./Sources/main.o
 .debug_frame   0x00000e30      0x108 ./Project_Settings/Startup_Code/startup.o
 .debug_frame   0x00000f38      0x16c ./Generated_Code/ASerial.o
 .debug_frame   0x000010a4       0xec ./Generated_Code/ASerialLdd1.o
 .debug_frame   0x00001190      0x128 ./Generated_Code/CI2C0.o
 .debug_frame   0x000012b8       0x68 ./Generated_Code/Cpu.o
 .debug_frame   0x00001320       0xe0 ./Generated_Code/IntI2cLdd1.o
 .debug_frame   0x00001400       0x64 ./Generated_Code/PE_LDD.o
